
> backend@1.0.0 dev
> nodemon server.js

[33m[nodemon] 3.1.11[39m
[33m[nodemon] to restart at any time, enter `rs`[39m
[33m[nodemon] watching path(s): *.*[39m
[33m[nodemon] watching extensions: js,mjs,cjs,json[39m
[32m[nodemon] starting `node server.js`[39m
[dotenv@17.3.1] injecting env (7) from .env -- tip: 🤖 agentic secret storage: https://dotenvx.com/as2
[dotenv@17.3.1] injecting env (0) from .env -- tip: ⚡️ secrets for agents: https://dotenvx.com/as2
[dotenv@17.3.1] injecting env (0) from .env -- tip: ⚙️  load multiple .env files with { path: ['.env.local', '.env'] }
🧬 [Biometrics] Target Engine: http://localhost:8003
🚀 [Config] ADMIN_EMAIL: admin@auralock.com
🚀 [Config] ADMIN_PASSWORD: SET
🚀 [Config] JWT_SECRET: SET
🚀 [Config] SUPABASE_URL: https://ngprtoaoqqrscbjbahpb.supabase.co
Backend running on http://localhost:8002
📡 [5:37:25 pm] GET /api/users
📡 [5:37:38 pm] GET /api/users
📡 [5:39:20 pm] GET /api/users
🔓 Authenticated User: admin@auralock.com
📡 [5:39:21 pm] GET /api/users
🔓 Authenticated User: admin@auralock.com
📡 [5:59:12 pm] GET /api/biometrics/health
🔍 [Health Check] Trying: http://localhost:8003/health
📡 [6:04:59 pm] GET /api/door/status
📡 [6:08:07 pm] GET /api/door/status
📡 [10:26:54 am] GET /api/users
🔓 Authenticated User: admin@auralock.com
📡 [10:26:55 am] GET /api/users
🔓 Authenticated User: admin@auralock.com
📡 [10:27:13 am] GET /api/users
🔓 Authenticated User: admin@auralock.com
📡 [10:27:13 am] GET /api/users
🔓 Authenticated User: admin@auralock.com
📡 [10:30:11 am] GET /api/users
🔓 Authenticated User: admin@auralock.com
📡 [10:30:12 am] GET /api/users
🔓 Authenticated User: admin@auralock.com
📡 [10:39:52 am] GET /api/users
🔓 Authenticated User: admin@auralock.com
📡 [10:39:52 am] GET /api/attendance?startDate=2026-04-25&endDate=2026-04-25&employee_id=&department=&search=&status=&page=1&pageSize=10&sortBy=date&sortDir=desc
🔓 Authenticated User: admin@auralock.com
📡 [10:39:52 am] GET /api/departments
🔓 Authenticated User: admin@auralock.com
📡 [10:39:52 am] GET /api/users
🔓 Authenticated User: admin@auralock.com
❌ Get attendance error: {
  code: 'PGRST205',
  details: null,
  hint: "Perhaps you meant the table 'public.face_encodings'",
  message: "Could not find the table 'public.attendance' in the schema cache"
}
📡 [10:39:53 am] GET /api/attendance?startDate=2026-04-25&endDate=2026-04-25&employee_id=&department=&search=&status=&page=1&pageSize=10&sortBy=date&sortDir=desc
🔓 Authenticated User: admin@auralock.com
❌ Get attendance error: {
  code: 'PGRST205',
  details: null,
  hint: "Perhaps you meant the table 'public.face_encodings'",
  message: "Could not find the table 'public.attendance' in the schema cache"
}
📡 [10:39:53 am] GET /api/departments
🔓 Authenticated User: admin@auralock.com
📡 [10:40:06 am] GET /api/attendance/report
❌ Report error: {
  code: 'PGRST205',
  details: null,
  hint: "Perhaps you meant the table 'public.face_encodings'",
  message: "Could not find the table 'public.attendance' in the schema cache"
}
📡 [10:40:07 am] GET /api/attendance/report
❌ Report error: {
  code: 'PGRST205',
  details: null,
  hint: "Perhaps you meant the table 'public.face_encodings'",
  message: "Could not find the table 'public.attendance' in the schema cache"
}
📡 [10:40:10 am] GET /api/access-logs?page=1&limit=20&startDate=2026-04-25&endDate=2026-04-25
🔓 Authenticated User: admin@auralock.com
📡 [10:40:10 am] GET /api/access-logs?page=1&limit=20&startDate=2026-04-25&endDate=2026-04-25
🔓 Authenticated User: admin@auralock.com
📡 [10:40:12 am] GET /api/stats
📡 [10:40:12 am] GET /api/stats/activity
📡 [10:40:13 am] GET /api/door/status
🔓 Authenticated User: admin@auralock.com
📡 [10:40:13 am] GET /api/stats/attendance-analytics
🔓 Authenticated User: admin@auralock.com
📡 [10:40:13 am] GET /api/door/status
🔓 Authenticated User: admin@auralock.com
📊 [Stats] todayIST=2026-04-25 | employees=1 | present=0 | late=0 | scans=0
📡 [10:40:13 am] GET /api/stats
📡 [10:40:13 am] GET /api/stats/activity
❌ Attendance Analytics Error: {
  code: 'PGRST205',
  details: null,
  hint: "Perhaps you meant the table 'public.face_encodings'",
  message: "Could not find the table 'public.attendance' in the schema cache"
}
📡 [10:40:13 am] GET /api/stats/attendance-analytics
🔓 Authenticated User: admin@auralock.com
📊 [Stats] todayIST=2026-04-25 | employees=1 | present=0 | late=0 | scans=0
❌ Attendance Analytics Error: {
  code: 'PGRST205',
  details: null,
  hint: "Perhaps you meant the table 'public.face_encodings'",
  message: "Could not find the table 'public.attendance' in the schema cache"
}
📡 [10:40:22 am] GET /api/door/status
🔓 Authenticated User: admin@auralock.com
📡 [10:40:32 am] GET /api/door/status
🔓 Authenticated User: admin@auralock.com
📡 [10:40:42 am] GET /api/door/status
🔓 Authenticated User: admin@auralock.com
📡 [10:40:52 am] GET /api/door/status
🔓 Authenticated User: admin@auralock.com
📡 [10:41:03 am] GET /api/door/status
🔓 Authenticated User: admin@auralock.com
📡 [10:41:12 am] GET /api/stats
📡 [10:41:12 am] GET /api/stats/activity
📡 [10:41:13 am] GET /api/stats/attendance-analytics
🔓 Authenticated User: admin@auralock.com
📡 [10:41:13 am] GET /api/door/status
🔓 Authenticated User: admin@auralock.com
❌ Attendance Analytics Error: {
  code: 'PGRST205',
  details: null,
  hint: "Perhaps you meant the table 'public.face_encodings'",
  message: "Could not find the table 'public.attendance' in the schema cache"
}
📊 [Stats] todayIST=2026-04-25 | employees=1 | present=0 | late=0 | scans=0
📡 [10:41:22 am] GET /api/door/status
🔓 Authenticated User: admin@auralock.com
📡 [10:41:32 am] GET /api/door/status
🔓 Authenticated User: admin@auralock.com
📡 [10:41:42 am] GET /api/door/status
🔓 Authenticated User: admin@auralock.com
📡 [10:41:52 am] GET /api/door/status
🔓 Authenticated User: admin@auralock.com
📡 [10:42:02 am] GET /api/door/status
🔓 Authenticated User: admin@auralock.com
📡 [10:42:12 am] GET /api/stats
📡 [10:42:13 am] GET /api/stats/activity
📡 [10:42:13 am] GET /api/stats/attendance-analytics
🔓 Authenticated User: admin@auralock.com
📡 [10:42:13 am] GET /api/door/status
🔓 Authenticated User: admin@auralock.com
📊 [Stats] todayIST=2026-04-25 | employees=1 | present=0 | late=0 | scans=0
❌ Attendance Analytics Error: {
  code: 'PGRST205',
  details: null,
  hint: "Perhaps you meant the table 'public.face_encodings'",
  message: "Could not find the table 'public.attendance' in the schema cache"
}
📡 [10:42:52 am] GET /api/door/status
🔓 Authenticated User: admin@auralock.com
📡 [10:43:10 am] GET /api/door/status
🔓 Authenticated User: admin@auralock.com
📡 [10:43:12 am] GET /api/stats
📡 [10:43:12 am] GET /api/door/status
🔓 Authenticated User: admin@auralock.com
📡 [10:43:12 am] GET /api/stats/activity
📡 [10:43:12 am] GET /api/stats/attendance-analytics
🔓 Authenticated User: admin@auralock.com
📊 [Stats] todayIST=2026-04-25 | employees=1 | present=0 | late=0 | scans=0
❌ Attendance Analytics Error: {
  code: 'PGRST205',
  details: null,
  hint: "Perhaps you meant the table 'public.face_encodings'",
  message: "Could not find the table 'public.attendance' in the schema cache"
}
📡 [10:43:22 am] GET /api/door/status
🔓 Authenticated User: admin@auralock.com
📡 [10:43:32 am] GET /api/door/status
🔓 Authenticated User: admin@auralock.com
📡 [10:43:42 am] GET /api/door/status
🔓 Authenticated User: admin@auralock.com
📡 [10:43:52 am] GET /api/door/status
🔓 Authenticated User: admin@auralock.com
📡 [10:44:02 am] GET /api/door/status
🔓 Authenticated User: admin@auralock.com
📡 [10:44:12 am] GET /api/stats
📡 [10:44:12 am] GET /api/stats/activity
📡 [10:44:12 am] GET /api/stats/attendance-analytics
🔓 Authenticated User: admin@auralock.com
📡 [10:44:13 am] GET /api/door/status
🔓 Authenticated User: admin@auralock.com
📊 [Stats] todayIST=2026-04-25 | employees=1 | present=0 | late=0 | scans=0
❌ Attendance Analytics Error: {
  code: 'PGRST205',
  details: null,
  hint: "Perhaps you meant the table 'public.face_encodings'",
  message: "Could not find the table 'public.attendance' in the schema cache"
}
📡 [10:44:52 am] GET /api/door/status
🔓 Authenticated User: admin@auralock.com
📡 [10:45:12 am] GET /api/stats
📡 [10:45:12 am] GET /api/stats/activity
📡 [10:45:12 am] GET /api/stats/attendance-analytics
🔓 Authenticated User: admin@auralock.com
❌ Attendance Analytics Error: {
  code: 'PGRST205',
  details: null,
  hint: "Perhaps you meant the table 'public.face_encodings'",
  message: "Could not find the table 'public.attendance' in the schema cache"
}
📊 [Stats] todayIST=2026-04-25 | employees=1 | present=0 | late=0 | scans=0
📡 [10:45:52 am] GET /api/door/status
🔓 Authenticated User: admin@auralock.com
📡 [10:46:12 am] GET /api/stats
📡 [10:46:12 am] GET /api/stats/activity
📡 [10:46:12 am] GET /api/stats/attendance-analytics
🔓 Authenticated User: admin@auralock.com
❌ Attendance Analytics Error: {
  code: 'PGRST205',
  details: null,
  hint: "Perhaps you meant the table 'public.face_encodings'",
  message: "Could not find the table 'public.attendance' in the schema cache"
}
📊 [Stats] todayIST=2026-04-25 | employees=1 | present=0 | late=0 | scans=0
📡 [10:46:52 am] GET /api/door/status
🔓 Authenticated User: admin@auralock.com
📡 [10:47:53 am] GET /api/door/status
🔓 Authenticated User: admin@auralock.com
📡 [10:47:53 am] GET /api/stats
📡 [10:47:53 am] GET /api/stats/activity
📡 [10:47:53 am] GET /api/stats/attendance-analytics
🔓 Authenticated User: admin@auralock.com
❌ Attendance Analytics Error: {
  code: 'PGRST205',
  details: null,
  hint: "Perhaps you meant the table 'public.face_encodings'",
  message: "Could not find the table 'public.attendance' in the schema cache"
}
📊 [Stats] todayIST=2026-04-25 | employees=1 | present=0 | late=0 | scans=0
📡 [10:48:53 am] GET /api/door/status
🔓 Authenticated User: admin@auralock.com
📡 [10:48:53 am] GET /api/stats
📡 [10:48:53 am] GET /api/stats/activity
📡 [10:48:53 am] GET /api/stats/attendance-analytics
🔓 Authenticated User: admin@auralock.com
📊 [Stats] todayIST=2026-04-25 | employees=1 | present=0 | late=0 | scans=0
❌ Attendance Analytics Error: {
  code: 'PGRST205',
  details: null,
  hint: "Perhaps you meant the table 'public.face_encodings'",
  message: "Could not find the table 'public.attendance' in the schema cache"
}
📡 [10:49:53 am] GET /api/door/status
❌ Token Verification Failed: jwt expired
📡 [10:49:53 am] GET /api/stats
📡 [10:49:53 am] GET /api/stats/activity
📡 [10:49:53 am] GET /api/stats/attendance-analytics
❌ Token Verification Failed: jwt expired
📊 [Stats] todayIST=2026-04-25 | employees=1 | present=0 | late=0 | scans=0
📡 [11:05:50 am] POST /auth/login
📦 Body: {
  "email": "admin@auralock.com",
  "password": "admin123"
}
🔐 [Login Attempt] Email: "admin@auralock.com", Expected: "admin@auralock.com"
🔑 [Login Attempt] Pass Match: true
✅ Admin credentials verified
📡 [11:05:50 am] GET /api/stats
📡 [11:05:50 am] GET /api/stats/activity
📡 [11:05:50 am] GET /api/stats/attendance-analytics
🔓 Authenticated User: admin@auralock.com
📡 [11:05:50 am] GET /api/door/status
🔓 Authenticated User: admin@auralock.com
📡 [11:05:51 am] GET /api/door/status
🔓 Authenticated User: admin@auralock.com
❌ Attendance Analytics Error: {
  code: 'PGRST205',
  details: null,
  hint: "Perhaps you meant the table 'public.face_encodings'",
  message: "Could not find the table 'public.attendance' in the schema cache"
}
📡 [11:05:55 am] GET /api/stats/attendance-analytics
🔓 Authenticated User: admin@auralock.com
📊 [Stats] todayIST=2026-04-25 | employees=1 | present=0 | late=0 | scans=0
📡 [11:05:56 am] GET /api/stats/activity
📡 [11:05:56 am] GET /api/stats
❌ Attendance Analytics Error: {
  code: 'PGRST205',
  details: null,
  hint: "Perhaps you meant the table 'public.face_encodings'",
  message: "Could not find the table 'public.attendance' in the schema cache"
}
📊 [Stats] todayIST=2026-04-25 | employees=1 | present=0 | late=0 | scans=0
📡 [11:06:00 am] GET /api/door/status
🔓 Authenticated User: admin@auralock.com
📡 [11:06:10 am] GET /api/door/status
🔓 Authenticated User: admin@auralock.com
📡 [11:06:20 am] GET /api/door/status
🔓 Authenticated User: admin@auralock.com
📡 [11:06:30 am] GET /api/door/status
🔓 Authenticated User: admin@auralock.com
📡 [11:06:40 am] GET /api/door/status
🔓 Authenticated User: admin@auralock.com
📡 [11:06:50 am] GET /api/stats
📡 [11:06:51 am] GET /api/stats/activity
📡 [11:06:51 am] GET /api/stats/attendance-analytics
🔓 Authenticated User: admin@auralock.com
📡 [11:06:51 am] GET /api/door/status
🔓 Authenticated User: admin@auralock.com
❌ Attendance Analytics Error: {
  code: 'PGRST205',
  details: null,
  hint: "Perhaps you meant the table 'public.face_encodings'",
  message: "Could not find the table 'public.attendance' in the schema cache"
}
📊 [Stats] todayIST=2026-04-25 | employees=1 | present=0 | late=0 | scans=0
📡 [11:07:00 am] GET /api/door/status
🔓 Authenticated User: admin@auralock.com
📡 [11:07:50 am] GET /api/stats
📡 [11:07:50 am] GET /api/stats/activity
📡 [11:07:50 am] GET /api/stats/attendance-analytics
🔓 Authenticated User: admin@auralock.com
📡 [11:07:52 am] GET /api/door/status
🔓 Authenticated User: admin@auralock.com
📊 [Stats] todayIST=2026-04-25 | employees=1 | present=0 | late=0 | scans=0
❌ Attendance Analytics Error: {
  code: 'PGRST205',
  details: null,
  hint: "Perhaps you meant the table 'public.face_encodings'",
  message: "Could not find the table 'public.attendance' in the schema cache"
}
📡 [11:08:50 am] GET /api/stats
📡 [11:08:50 am] GET /api/stats/activity
📡 [11:08:50 am] GET /api/stats/attendance-analytics
🔓 Authenticated User: admin@auralock.com
📡 [11:08:52 am] GET /api/door/status
🔓 Authenticated User: admin@auralock.com
❌ Attendance Analytics Error: {
  message: 'TypeError: fetch failed',
  details: 'TypeError: fetch failed\n' +
    '\n' +
    'Caused by: ConnectTimeoutError: Connect Timeout Error (attempted addresses: 172.64.149.246:443, 104.18.38.10:443, timeout: 10000ms) (UND_ERR_CONNECT_TIMEOUT)\n' +
    'ConnectTimeoutError: Connect Timeout Error (attempted addresses: 172.64.149.246:443, 104.18.38.10:443, timeout: 10000ms)\n' +
    '    at onConnectTimeout (node:internal/deps/undici/undici:1981:23)\n' +
    '    at Immediate._onImmediate (node:internal/deps/undici/undici:1947:35)\n' +
    '    at process.processImmediate (node:internal/timers:504:21)',
  hint: '',
  code: ''
}
❌ Activity stats error: {
  message: 'TypeError: fetch failed',
  details: 'TypeError: fetch failed\n' +
    '\n' +
    'Caused by: ConnectTimeoutError: Connect Timeout Error (attempted addresses: 172.64.149.246:443, 104.18.38.10:443, timeout: 10000ms) (UND_ERR_CONNECT_TIMEOUT)\n' +
    'ConnectTimeoutError: Connect Timeout Error (attempted addresses: 172.64.149.246:443, 104.18.38.10:443, timeout: 10000ms)\n' +
    '    at onConnectTimeout (node:internal/deps/undici/undici:1981:23)\n' +
    '    at Immediate._onImmediate (node:internal/deps/undici/undici:1947:35)\n' +
    '    at process.processImmediate (node:internal/timers:504:21)',
  hint: '',
  code: ''
}
📊 [Stats] todayIST=2026-04-25 | employees=0 | present=0 | late=0 | scans=null
📡 [11:09:50 am] GET /api/stats
📡 [11:09:50 am] GET /api/stats/activity
📡 [11:09:50 am] GET /api/stats/attendance-analytics
🔓 Authenticated User: admin@auralock.com
📡 [11:09:52 am] GET /api/door/status
🔓 Authenticated User: admin@auralock.com
📊 [Stats] todayIST=2026-04-25 | employees=1 | present=0 | late=0 | scans=0
❌ Attendance Analytics Error: {
  code: 'PGRST205',
  details: null,
  hint: "Perhaps you meant the table 'public.face_encodings'",
  message: "Could not find the table 'public.attendance' in the schema cache"
}
📡 [11:10:50 am] GET /api/stats
📡 [11:10:50 am] GET /api/stats/activity
📡 [11:10:50 am] GET /api/stats/attendance-analytics
🔓 Authenticated User: admin@auralock.com
📡 [11:10:52 am] GET /api/door/status
🔓 Authenticated User: admin@auralock.com
❌ Activity stats error: {
  message: 'TypeError: fetch failed',
  details: 'TypeError: fetch failed\n' +
    '\n' +
    'Caused by: Error: read ECONNRESET (ECONNRESET)\n' +
    'Error: read ECONNRESET\n' +
    '    at TLSWrap.onStreamRead (node:internal/stream_base_commons:216:20)',
  hint: '',
  code: ''
}
❌ Attendance Analytics Error: {
  code: 'PGRST205',
  details: null,
  hint: "Perhaps you meant the table 'public.face_encodings'",
  message: "Could not find the table 'public.attendance' in the schema cache"
}
📊 [Stats] todayIST=2026-04-25 | employees=1 | present=0 | late=0 | scans=null
📡 [11:11:50 am] GET /api/stats
📡 [11:11:50 am] GET /api/stats/activity
📡 [11:11:50 am] GET /api/stats/attendance-analytics
🔓 Authenticated User: admin@auralock.com
📡 [11:11:52 am] GET /api/door/status
🔓 Authenticated User: admin@auralock.com
❌ Attendance Analytics Error: {
  code: 'PGRST205',
  details: null,
  hint: "Perhaps you meant the table 'public.face_encodings'",
  message: "Could not find the table 'public.attendance' in the schema cache"
}
📊 [Stats] todayIST=2026-04-25 | employees=1 | present=0 | late=0 | scans=0
📡 [11:12:52 am] GET /api/door/status
🔓 Authenticated User: admin@auralock.com
📡 [11:12:52 am] GET /api/stats
📡 [11:12:52 am] GET /api/stats/activity
📡 [11:12:52 am] GET /api/stats/attendance-analytics
🔓 Authenticated User: admin@auralock.com
📊 [Stats] todayIST=2026-04-25 | employees=1 | present=0 | late=0 | scans=0
❌ Attendance Analytics Error: {
  code: 'PGRST205',
  details: null,
  hint: "Perhaps you meant the table 'public.face_encodings'",
  message: "Could not find the table 'public.attendance' in the schema cache"
}
📡 [11:13:52 am] GET /api/door/status
🔓 Authenticated User: admin@auralock.com
📡 [11:13:52 am] GET /api/stats
📡 [11:13:53 am] GET /api/stats/activity
📡 [11:13:53 am] GET /api/stats/attendance-analytics
🔓 Authenticated User: admin@auralock.com
❌ Attendance Analytics Error: {
  code: 'PGRST205',
  details: null,
  hint: "Perhaps you meant the table 'public.face_encodings'",
  message: "Could not find the table 'public.attendance' in the schema cache"
}
📊 [Stats] todayIST=2026-04-25 | employees=1 | present=0 | late=0 | scans=0
📡 [11:14:52 am] GET /api/door/status
🔓 Authenticated User: admin@auralock.com
📡 [11:14:52 am] GET /api/stats
📡 [11:14:53 am] GET /api/stats/activity
📡 [11:14:53 am] GET /api/stats/attendance-analytics
🔓 Authenticated User: admin@auralock.com
📊 [Stats] todayIST=2026-04-25 | employees=1 | present=0 | late=0 | scans=0
❌ Attendance Analytics Error: {
  code: 'PGRST205',
  details: null,
  hint: "Perhaps you meant the table 'public.face_encodings'",
  message: "Could not find the table 'public.attendance' in the schema cache"
}
📡 [11:15:53 am] GET /api/door/status
🔓 Authenticated User: admin@auralock.com
📡 [11:15:53 am] GET /api/stats
📡 [11:15:53 am] GET /api/stats/activity
📡 [11:15:53 am] GET /api/stats/attendance-analytics
🔓 Authenticated User: admin@auralock.com
📊 [Stats] todayIST=2026-04-25 | employees=1 | present=0 | late=0 | scans=0
❌ Attendance Analytics Error: {
  code: 'PGRST205',
  details: null,
  hint: "Perhaps you meant the table 'public.face_encodings'",
  message: "Could not find the table 'public.attendance' in the schema cache"
}
📡 [11:16:52 am] GET /api/door/status
🔓 Authenticated User: admin@auralock.com
📡 [11:16:53 am] GET /api/stats
📡 [11:16:53 am] GET /api/stats/activity
📡 [11:16:53 am] GET /api/stats/attendance-analytics
🔓 Authenticated User: admin@auralock.com
📊 [Stats] todayIST=2026-04-25 | employees=1 | present=0 | late=0 | scans=0
❌ Attendance Analytics Error: {
  code: 'PGRST205',
  details: null,
  hint: "Perhaps you meant the table 'public.face_encodings'",
  message: "Could not find the table 'public.attendance' in the schema cache"
}
📡 [11:17:52 am] GET /api/door/status
🔓 Authenticated User: admin@auralock.com
📡 [11:17:52 am] GET /api/stats
📡 [11:17:52 am] GET /api/stats/activity
📡 [11:17:52 am] GET /api/stats/attendance-analytics
🔓 Authenticated User: admin@auralock.com
📊 [Stats] todayIST=2026-04-25 | employees=1 | present=0 | late=0 | scans=0
❌ Attendance Analytics Error: {
  code: 'PGRST205',
  details: null,
  hint: "Perhaps you meant the table 'public.face_encodings'",
  message: "Could not find the table 'public.attendance' in the schema cache"
}
📡 [11:18:53 am] GET /api/door/status
🔓 Authenticated User: admin@auralock.com
📡 [11:18:53 am] GET /api/stats
📡 [11:18:53 am] GET /api/stats/activity
📡 [11:18:53 am] GET /api/stats/attendance-analytics
🔓 Authenticated User: admin@auralock.com
❌ Attendance Analytics Error: {
  code: 'PGRST205',
  details: null,
  hint: "Perhaps you meant the table 'public.face_encodings'",
  message: "Could not find the table 'public.attendance' in the schema cache"
}
📊 [Stats] todayIST=2026-04-25 | employees=1 | present=0 | late=0 | scans=0
📡 [11:19:52 am] GET /api/door/status
🔓 Authenticated User: admin@auralock.com
📡 [11:19:53 am] GET /api/stats
📡 [11:19:53 am] GET /api/stats/activity
📡 [11:19:53 am] GET /api/stats/attendance-analytics
🔓 Authenticated User: admin@auralock.com
📊 [Stats] todayIST=2026-04-25 | employees=1 | present=0 | late=0 | scans=0
❌ Attendance Analytics Error: {
  code: 'PGRST205',
  details: null,
  hint: "Perhaps you meant the table 'public.face_encodings'",
  message: "Could not find the table 'public.attendance' in the schema cache"
}
📡 [11:20:52 am] GET /api/door/status
🔓 Authenticated User: admin@auralock.com
📡 [11:20:52 am] GET /api/stats
📡 [11:20:53 am] GET /api/stats/activity
📡 [11:20:53 am] GET /api/stats/attendance-analytics
🔓 Authenticated User: admin@auralock.com
📊 [Stats] todayIST=2026-04-25 | employees=1 | present=0 | late=0 | scans=0
❌ Attendance Analytics Error: {
  code: 'PGRST205',
  details: null,
  hint: "Perhaps you meant the table 'public.face_encodings'",
  message: "Could not find the table 'public.attendance' in the schema cache"
}
📡 [11:21:52 am] GET /api/door/status
🔓 Authenticated User: admin@auralock.com
📡 [11:21:52 am] GET /api/stats
📡 [11:21:53 am] GET /api/stats/activity
📡 [11:21:53 am] GET /api/stats/attendance-analytics
🔓 Authenticated User: admin@auralock.com
❌ Attendance Analytics Error: {
  code: 'PGRST205',
  details: null,
  hint: "Perhaps you meant the table 'public.face_encodings'",
  message: "Could not find the table 'public.attendance' in the schema cache"
}
📊 [Stats] todayIST=2026-04-25 | employees=1 | present=0 | late=0 | scans=0
📡 [11:22:52 am] GET /api/door/status
🔓 Authenticated User: admin@auralock.com
📡 [11:22:52 am] GET /api/stats
📡 [11:22:53 am] GET /api/stats/activity
📡 [11:22:53 am] GET /api/stats/attendance-analytics
🔓 Authenticated User: admin@auralock.com
❌ Attendance Analytics Error: {
  code: 'PGRST205',
  details: null,
  hint: "Perhaps you meant the table 'public.face_encodings'",
  message: "Could not find the table 'public.attendance' in the schema cache"
}
📊 [Stats] todayIST=2026-04-25 | employees=1 | present=0 | late=0 | scans=0
📡 [11:23:52 am] GET /api/door/status
🔓 Authenticated User: admin@auralock.com
📡 [11:23:52 am] GET /api/stats
📡 [11:23:52 am] GET /api/stats/activity
📡 [11:23:52 am] GET /api/stats/attendance-analytics
🔓 Authenticated User: admin@auralock.com
📊 [Stats] todayIST=2026-04-25 | employees=1 | present=0 | late=0 | scans=0
❌ Attendance Analytics Error: {
  code: 'PGRST205',
  details: null,
  hint: "Perhaps you meant the table 'public.face_encodings'",
  message: "Could not find the table 'public.attendance' in the schema cache"
}
📡 [11:24:52 am] GET /api/door/status
🔓 Authenticated User: admin@auralock.com
📡 [11:24:52 am] GET /api/stats
📡 [11:24:53 am] GET /api/stats/activity
📡 [11:24:53 am] GET /api/stats/attendance-analytics
🔓 Authenticated User: admin@auralock.com
❌ Attendance Analytics Error: {
  code: 'PGRST205',
  details: null,
  hint: "Perhaps you meant the table 'public.face_encodings'",
  message: "Could not find the table 'public.attendance' in the schema cache"
}
📊 [Stats] todayIST=2026-04-25 | employees=1 | present=0 | late=0 | scans=0
📡 [11:25:52 am] GET /api/door/status
🔓 Authenticated User: admin@auralock.com
📡 [11:25:52 am] GET /api/stats
📡 [11:25:53 am] GET /api/stats/activity
📡 [11:25:53 am] GET /api/stats/attendance-analytics
🔓 Authenticated User: admin@auralock.com
📊 [Stats] todayIST=2026-04-25 | employees=1 | present=0 | late=0 | scans=0
❌ Attendance Analytics Error: {
  code: 'PGRST205',
  details: null,
  hint: "Perhaps you meant the table 'public.face_encodings'",
  message: "Could not find the table 'public.attendance' in the schema cache"
}
📡 [11:26:53 am] GET /api/door/status
🔓 Authenticated User: admin@auralock.com
📡 [11:26:53 am] GET /api/stats
📡 [11:26:53 am] GET /api/stats/activity
📡 [11:26:53 am] GET /api/stats/attendance-analytics
🔓 Authenticated User: admin@auralock.com
❌ Attendance Analytics Error: {
  code: 'PGRST205',
  details: null,
  hint: "Perhaps you meant the table 'public.face_encodings'",
  message: "Could not find the table 'public.attendance' in the schema cache"
}
📊 [Stats] todayIST=2026-04-25 | employees=1 | present=0 | late=0 | scans=0
📡 [11:27:52 am] GET /api/door/status
🔓 Authenticated User: admin@auralock.com
📡 [11:27:53 am] GET /api/stats
📡 [11:27:53 am] GET /api/stats/activity
📡 [11:27:53 am] GET /api/stats/attendance-analytics
🔓 Authenticated User: admin@auralock.com
📊 [Stats] todayIST=2026-04-25 | employees=1 | present=0 | late=0 | scans=0
❌ Attendance Analytics Error: {
  code: 'PGRST205',
  details: null,
  hint: "Perhaps you meant the table 'public.face_encodings'",
  message: "Could not find the table 'public.attendance' in the schema cache"
}
📡 [11:28:52 am] GET /api/door/status
🔓 Authenticated User: admin@auralock.com
📡 [11:28:52 am] GET /api/stats
📡 [11:28:53 am] GET /api/stats/activity
📡 [11:28:53 am] GET /api/stats/attendance-analytics
🔓 Authenticated User: admin@auralock.com
📊 [Stats] todayIST=2026-04-25 | employees=1 | present=0 | late=0 | scans=0
❌ Attendance Analytics Error: {
  code: 'PGRST205',
  details: null,
  hint: "Perhaps you meant the table 'public.face_encodings'",
  message: "Could not find the table 'public.attendance' in the schema cache"
}
📡 [11:29:52 am] GET /api/door/status
🔓 Authenticated User: admin@auralock.com
📡 [11:29:52 am] GET /api/stats
📡 [11:29:53 am] GET /api/stats/activity
📡 [11:29:53 am] GET /api/stats/attendance-analytics
🔓 Authenticated User: admin@auralock.com
📊 [Stats] todayIST=2026-04-25 | employees=1 | present=0 | late=0 | scans=0
❌ Attendance Analytics Error: {
  code: 'PGRST205',
  details: null,
  hint: "Perhaps you meant the table 'public.face_encodings'",
  message: "Could not find the table 'public.attendance' in the schema cache"
}
📡 [11:30:52 am] GET /api/door/status
🔓 Authenticated User: admin@auralock.com
📡 [11:30:52 am] GET /api/stats
📡 [11:30:53 am] GET /api/stats/activity
📡 [11:30:53 am] GET /api/stats/attendance-analytics
🔓 Authenticated User: admin@auralock.com
📊 [Stats] todayIST=2026-04-25 | employees=1 | present=0 | late=0 | scans=0
❌ Attendance Analytics Error: {
  code: 'PGRST205',
  details: null,
  hint: "Perhaps you meant the table 'public.face_encodings'",
  message: "Could not find the table 'public.attendance' in the schema cache"
}
📡 [11:31:52 am] GET /api/door/status
🔓 Authenticated User: admin@auralock.com
📡 [11:31:52 am] GET /api/stats
📡 [11:31:53 am] GET /api/stats/activity
📡 [11:31:53 am] GET /api/stats/attendance-analytics
🔓 Authenticated User: admin@auralock.com
📊 [Stats] todayIST=2026-04-25 | employees=1 | present=0 | late=0 | scans=0
❌ Attendance Analytics Error: {
  code: 'PGRST205',
  details: null,
  hint: "Perhaps you meant the table 'public.face_encodings'",
  message: "Could not find the table 'public.attendance' in the schema cache"
}
📡 [11:32:52 am] GET /api/door/status
🔓 Authenticated User: admin@auralock.com
📡 [11:32:52 am] GET /api/stats
📡 [11:32:53 am] GET /api/stats/activity
📡 [11:32:53 am] GET /api/stats/attendance-analytics
🔓 Authenticated User: admin@auralock.com
📊 [Stats] todayIST=2026-04-25 | employees=1 | present=0 | late=0 | scans=0
❌ Attendance Analytics Error: {
  code: 'PGRST205',
  details: null,
  hint: "Perhaps you meant the table 'public.face_encodings'",
  message: "Could not find the table 'public.attendance' in the schema cache"
}
📡 [11:33:52 am] GET /api/door/status
🔓 Authenticated User: admin@auralock.com
📡 [11:33:52 am] GET /api/stats
📡 [11:33:53 am] GET /api/stats/activity
📡 [11:33:53 am] GET /api/stats/attendance-analytics
🔓 Authenticated User: admin@auralock.com
📊 [Stats] todayIST=2026-04-25 | employees=1 | present=0 | late=0 | scans=0
❌ Attendance Analytics Error: {
  code: 'PGRST205',
  details: null,
  hint: "Perhaps you meant the table 'public.face_encodings'",
  message: "Could not find the table 'public.attendance' in the schema cache"
}
📡 [11:34:52 am] GET /api/door/status
🔓 Authenticated User: admin@auralock.com
📡 [11:34:52 am] GET /api/stats
📡 [11:34:53 am] GET /api/stats/activity
📡 [11:34:53 am] GET /api/stats/attendance-analytics
🔓 Authenticated User: admin@auralock.com
📊 [Stats] todayIST=2026-04-25 | employees=1 | present=0 | late=0 | scans=0
❌ Attendance Analytics Error: {
  code: 'PGRST205',
  details: null,
  hint: "Perhaps you meant the table 'public.face_encodings'",
  message: "Could not find the table 'public.attendance' in the schema cache"
}
📡 [11:35:52 am] GET /api/door/status
🔓 Authenticated User: admin@auralock.com
📡 [11:35:52 am] GET /api/stats
📡 [11:35:53 am] GET /api/stats/activity
📡 [11:35:53 am] GET /api/stats/attendance-analytics
🔓 Authenticated User: admin@auralock.com
📊 [Stats] todayIST=2026-04-25 | employees=1 | present=0 | late=0 | scans=0
❌ Attendance Analytics Error: {
  code: 'PGRST205',
  details: null,
  hint: "Perhaps you meant the table 'public.face_encodings'",
  message: "Could not find the table 'public.attendance' in the schema cache"
}
📡 [11:36:52 am] GET /api/door/status
🔓 Authenticated User: admin@auralock.com
📡 [11:36:52 am] GET /api/stats/activity
📡 [11:36:52 am] GET /api/stats
📡 [11:36:53 am] GET /api/stats/attendance-analytics
🔓 Authenticated User: admin@auralock.com
📊 [Stats] todayIST=2026-04-25 | employees=1 | present=0 | late=0 | scans=0
❌ Attendance Analytics Error: {
  code: 'PGRST205',
  details: null,
  hint: "Perhaps you meant the table 'public.face_encodings'",
  message: "Could not find the table 'public.attendance' in the schema cache"
}
📡 [11:37:53 am] GET /api/door/status
🔓 Authenticated User: admin@auralock.com
📡 [11:37:53 am] GET /api/stats
📡 [11:37:53 am] GET /api/stats/activity
📡 [11:37:53 am] GET /api/stats/attendance-analytics
🔓 Authenticated User: admin@auralock.com
📊 [Stats] todayIST=2026-04-25 | employees=1 | present=0 | late=0 | scans=0
❌ Attendance Analytics Error: {
  code: 'PGRST205',
  details: null,
  hint: "Perhaps you meant the table 'public.face_encodings'",
  message: "Could not find the table 'public.attendance' in the schema cache"
}
📡 [11:38:52 am] GET /api/door/status
🔓 Authenticated User: admin@auralock.com
📡 [11:38:53 am] GET /api/stats
📡 [11:38:53 am] GET /api/stats/activity
📡 [11:38:53 am] GET /api/stats/attendance-analytics
🔓 Authenticated User: admin@auralock.com
📊 [Stats] todayIST=2026-04-25 | employees=1 | present=0 | late=0 | scans=0
❌ Attendance Analytics Error: {
  code: 'PGRST205',
  details: null,
  hint: "Perhaps you meant the table 'public.face_encodings'",
  message: "Could not find the table 'public.attendance' in the schema cache"
}
📡 [11:39:52 am] GET /api/door/status
🔓 Authenticated User: admin@auralock.com
📡 [11:39:52 am] GET /api/stats
📡 [11:39:53 am] GET /api/stats/activity
📡 [11:39:53 am] GET /api/stats/attendance-analytics
🔓 Authenticated User: admin@auralock.com
📊 [Stats] todayIST=2026-04-25 | employees=1 | present=0 | late=0 | scans=0
❌ Attendance Analytics Error: {
  code: 'PGRST205',
  details: null,
  hint: "Perhaps you meant the table 'public.face_encodings'",
  message: "Could not find the table 'public.attendance' in the schema cache"
}
📡 [11:40:52 am] GET /api/door/status
🔓 Authenticated User: admin@auralock.com
📡 [11:40:52 am] GET /api/stats
📡 [11:40:52 am] GET /api/stats/activity
📡 [11:40:52 am] GET /api/stats/attendance-analytics
🔓 Authenticated User: admin@auralock.com
❌ Attendance Analytics Error: {
  code: 'PGRST205',
  details: null,
  hint: "Perhaps you meant the table 'public.face_encodings'",
  message: "Could not find the table 'public.attendance' in the schema cache"
}
📊 [Stats] todayIST=2026-04-25 | employees=1 | present=0 | late=0 | scans=0
📡 [11:41:52 am] GET /api/door/status
🔓 Authenticated User: admin@auralock.com
📡 [11:41:52 am] GET /api/stats
📡 [11:41:53 am] GET /api/stats/activity
📡 [11:41:53 am] GET /api/stats/attendance-analytics
🔓 Authenticated User: admin@auralock.com
📊 [Stats] todayIST=2026-04-25 | employees=1 | present=0 | late=0 | scans=0
❌ Attendance Analytics Error: {
  code: 'PGRST205',
  details: null,
  hint: "Perhaps you meant the table 'public.face_encodings'",
  message: "Could not find the table 'public.attendance' in the schema cache"
}
📡 [11:42:52 am] GET /api/door/status
🔓 Authenticated User: admin@auralock.com
📡 [11:42:52 am] GET /api/stats
📡 [11:42:52 am] GET /api/stats/activity
📡 [11:42:53 am] GET /api/stats/attendance-analytics
🔓 Authenticated User: admin@auralock.com
📊 [Stats] todayIST=2026-04-25 | employees=1 | present=0 | late=0 | scans=0
❌ Attendance Analytics Error: {
  code: 'PGRST205',
  details: null,
  hint: "Perhaps you meant the table 'public.face_encodings'",
  message: "Could not find the table 'public.attendance' in the schema cache"
}
📡 [11:43:52 am] GET /api/door/status
🔓 Authenticated User: admin@auralock.com
📡 [11:43:52 am] GET /api/stats
📡 [11:43:52 am] GET /api/stats/activity
📡 [11:43:53 am] GET /api/stats/attendance-analytics
🔓 Authenticated User: admin@auralock.com
📊 [Stats] todayIST=2026-04-25 | employees=1 | present=0 | late=0 | scans=0
❌ Attendance Analytics Error: {
  code: 'PGRST205',
  details: null,
  hint: "Perhaps you meant the table 'public.face_encodings'",
  message: "Could not find the table 'public.attendance' in the schema cache"
}
📡 [11:44:52 am] GET /api/door/status
🔓 Authenticated User: admin@auralock.com
📡 [11:44:53 am] GET /api/stats
📡 [11:44:53 am] GET /api/stats/activity
📡 [11:44:53 am] GET /api/stats/attendance-analytics
🔓 Authenticated User: admin@auralock.com
📊 [Stats] todayIST=2026-04-25 | employees=1 | present=0 | late=0 | scans=0
❌ Attendance Analytics Error: {
  code: 'PGRST205',
  details: null,
  hint: "Perhaps you meant the table 'public.face_encodings'",
  message: "Could not find the table 'public.attendance' in the schema cache"
}
📡 [11:45:53 am] GET /api/door/status
🔓 Authenticated User: admin@auralock.com
📡 [11:45:53 am] GET /api/stats
📡 [11:45:53 am] GET /api/stats/activity
📡 [11:45:53 am] GET /api/stats/attendance-analytics
🔓 Authenticated User: admin@auralock.com
❌ Attendance Analytics Error: {
  code: 'PGRST205',
  details: null,
  hint: "Perhaps you meant the table 'public.face_encodings'",
  message: "Could not find the table 'public.attendance' in the schema cache"
}
📊 [Stats] todayIST=2026-04-25 | employees=1 | present=0 | late=0 | scans=0
📡 [11:46:26 am] GET /api/stats
📊 [Stats] todayIST=2026-04-25 | employees=1 | present=0 | late=0 | scans=0
📡 [11:46:53 am] GET /api/door/status
🔓 Authenticated User: admin@auralock.com
📡 [11:46:53 am] GET /api/stats
📡 [11:46:53 am] GET /api/stats/activity
📡 [11:46:53 am] GET /api/stats/attendance-analytics
🔓 Authenticated User: admin@auralock.com
📊 [Stats] todayIST=2026-04-25 | employees=1 | present=0 | late=0 | scans=0
❌ Attendance Analytics Error: {
  code: 'PGRST205',
  details: null,
  hint: "Perhaps you meant the table 'public.face_encodings'",
  message: "Could not find the table 'public.attendance' in the schema cache"
}
📡 [11:47:39 am] GET /api/stats
📊 [Stats] todayIST=2026-04-25 | employees=1 | present=0 | late=0 | scans=0
📡 [11:47:52 am] GET /api/door/status
🔓 Authenticated User: admin@auralock.com
📡 [11:47:52 am] GET /api/stats
📡 [11:47:52 am] GET /api/stats/activity
📡 [11:47:52 am] GET /api/stats/attendance-analytics
🔓 Authenticated User: admin@auralock.com
📊 [Stats] todayIST=2026-04-25 | employees=1 | present=0 | late=0 | scans=0
❌ Attendance Analytics Error: {
  code: 'PGRST205',
  details: null,
  hint: "Perhaps you meant the table 'public.face_encodings'",
  message: "Could not find the table 'public.attendance' in the schema cache"
}
📡 [11:48:23 am] GET /api/door/status
🔓 Authenticated User: admin@auralock.com
📡 [11:48:30 am] GET /api/door/status
🔓 Authenticated User: admin@auralock.com
📡 [11:48:40 am] GET /api/door/status
🔓 Authenticated User: admin@auralock.com
📡 [11:48:50 am] GET /api/stats
📡 [11:48:50 am] GET /api/stats/activity
📡 [11:48:50 am] GET /api/stats/attendance-analytics
🔓 Authenticated User: admin@auralock.com
📡 [11:48:50 am] GET /api/door/status
🔓 Authenticated User: admin@auralock.com
📊 [Stats] todayIST=2026-04-25 | employees=1 | present=0 | late=0 | scans=0
❌ Attendance Analytics Error: {
  code: 'PGRST205',
  details: null,
  hint: "Perhaps you meant the table 'public.face_encodings'",
  message: "Could not find the table 'public.attendance' in the schema cache"
}
📡 [11:49:00 am] GET /api/door/status
🔓 Authenticated User: admin@auralock.com
📡 [11:49:09 am] GET /api/stats
📊 [Stats] todayIST=2026-04-25 | employees=1 | present=0 | late=0 | scans=0
📡 [11:49:10 am] GET /api/door/status
🔓 Authenticated User: admin@auralock.com
📡 [11:49:20 am] GET /api/door/status
🔓 Authenticated User: admin@auralock.com
📡 [11:49:52 am] GET /api/door/status
🔓 Authenticated User: admin@auralock.com
📡 [11:49:52 am] GET /api/stats
📡 [11:49:52 am] GET /api/stats/activity
📡 [11:49:53 am] GET /api/stats/attendance-analytics
🔓 Authenticated User: admin@auralock.com
📊 [Stats] todayIST=2026-04-25 | employees=1 | present=0 | late=0 | scans=0
❌ Attendance Analytics Error: {
  code: 'PGRST205',
  details: null,
  hint: "Perhaps you meant the table 'public.face_encodings'",
  message: "Could not find the table 'public.attendance' in the schema cache"
}
[31m[nodemon] app crashed - waiting for file changes before starting...[39m
[32m[nodemon] restarting due to changes...[39m
[32m[nodemon] starting `node server.js`[39m
[32m[nodemon] restarting due to changes...[39m
[dotenv@17.3.1] injecting env (7) from .env -- tip: ⚡️ secrets for agents: https://dotenvx.com/as2
[32m[nodemon] starting `node server.js`[39m
[dotenv@17.3.1] injecting env (7) from .env -- tip: 🔐 prevent committing .env to code: https://dotenvx.com/precommit
[dotenv@17.3.1] injecting env (0) from .env -- tip: 🛡️ auth for agents: https://vestauth.com
[dotenv@17.3.1] injecting env (0) from .env -- tip: 🛡️ auth for agents: https://vestauth.com
🧬 [Biometrics] Target Engine: http://localhost:8003
🚀 [Config] ADMIN_EMAIL: admin@auralock.com
🚀 [Config] ADMIN_PASSWORD: SET
🚀 [Config] JWT_SECRET: SET
🚀 [Config] SUPABASE_URL: https://ngprtoaoqqrscbjbahpb.supabase.co
Backend running on http://localhost:8000
[32m[nodemon] clean exit - waiting for changes before restart[39m
[32m[nodemon] restarting due to changes...[39m
[32m[nodemon] starting `node server.js`[39m
[32m[nodemon] restarting due to changes...[39m
[dotenv@17.3.1] injecting env (7) from .env -- tip: ⚙️  override existing env vars with { override: true }
[32m[nodemon] starting `node server.js`[39m
[dotenv@17.3.1] injecting env (7) from .env -- tip: ⚙️  suppress all logs with { quiet: true }
[dotenv@17.3.1] injecting env (0) from .env -- tip: ⚙️  override existing env vars with { override: true }
[dotenv@17.3.1] injecting env (0) from .env -- tip: 🛡️ auth for agents: https://vestauth.com
🧬 [Biometrics] Target Engine: http://localhost:8003
🚀 [Config] ADMIN_EMAIL: admin@auralock.com
🚀 [Config] ADMIN_PASSWORD: SET
🚀 [Config] JWT_SECRET: SET
🚀 [Config] SUPABASE_URL: https://ngprtoaoqqrscbjbahpb.supabase.co
Backend running on http://localhost:8000
[32m[nodemon] clean exit - waiting for changes before restart[39m
[32m[nodemon] restarting due to changes...[39m
[32m[nodemon] starting `node server.js`[39m
[32m[nodemon] restarting due to changes...[39m
[dotenv@17.3.1] injecting env (7) from .env -- tip: 🔐 encrypt with Dotenvx: https://dotenvx.com
[32m[nodemon] starting `node server.js`[39m
[dotenv@17.3.1] injecting env (7) from .env -- tip: ⚙️  write to custom object with { processEnv: myObject }
[dotenv@17.3.1] injecting env (0) from .env -- tip: ⚙️  load multiple .env files with { path: ['.env.local', '.env'] }
[dotenv@17.3.1] injecting env (0) from .env -- tip: 🛠️  run anywhere with `dotenvx run -- yourcommand`
🧬 [Biometrics] Target Engine: http://localhost:8003
🚀 [Config] ADMIN_EMAIL: admin@auralock.com
🚀 [Config] ADMIN_PASSWORD: SET
🚀 [Config] JWT_SECRET: SET
🚀 [Config] SUPABASE_URL: https://ngprtoaoqqrscbjbahpb.supabase.co
Backend running on http://localhost:8000
[32m[nodemon] clean exit - waiting for changes before restart[39m
[32m[nodemon] restarting due to changes...[39m
[32m[nodemon] starting `node server.js`[39m
[dotenv@17.3.1] injecting env (7) from .env -- tip: ⚙️  load multiple .env files with { path: ['.env.local', '.env'] }
[dotenv@17.3.1] injecting env (0) from .env -- tip: ⚙️  suppress all logs with { quiet: true }
[32m[nodemon] restarting due to changes...[39m
[32m[nodemon] starting `node server.js`[39m
[dotenv@17.3.1] injecting env (7) from .env -- tip: ⚙️  write to custom object with { processEnv: myObject }
[dotenv@17.3.1] injecting env (0) from .env -- tip: ⚙️  specify custom .env file path with { path: '/custom/path/.env' }
[dotenv@17.3.1] injecting env (0) from .env -- tip: 🔐 encrypt with Dotenvx: https://dotenvx.com
🧬 [Biometrics] Target Engine: http://localhost:8003
🚀 [Config] ADMIN_EMAIL: admin@auralock.com
🚀 [Config] ADMIN_PASSWORD: SET
🚀 [Config] JWT_SECRET: SET
🚀 [Config] SUPABASE_URL: https://ngprtoaoqqrscbjbahpb.supabase.co
Backend running on http://localhost:8000
[32m[nodemon] clean exit - waiting for changes before restart[39m
[32m[nodemon] restarting due to changes...[39m
[32m[nodemon] starting `node server.js`[39m
[dotenv@17.3.1] injecting env (7) from .env -- tip: 🛠️  run anywhere with `dotenvx run -- yourcommand`
[dotenv@17.3.1] injecting env (0) from .env -- tip: ⚙️  suppress all logs with { quiet: true }
[32m[nodemon] restarting due to changes...[39m
[32m[nodemon] starting `node server.js`[39m
[dotenv@17.3.1] injecting env (7) from .env -- tip: ⚙️  enable debug logging with { debug: true }
[dotenv@17.3.1] injecting env (0) from .env -- tip: 🔐 encrypt with Dotenvx: https://dotenvx.com
[dotenv@17.3.1] injecting env (0) from .env -- tip: ⚙️  write to custom object with { processEnv: myObject }
🧬 [Biometrics] Target Engine: http://localhost:8003
🚀 [Config] ADMIN_EMAIL: admin@auralock.com
🚀 [Config] ADMIN_PASSWORD: SET
🚀 [Config] JWT_SECRET: SET
🚀 [Config] SUPABASE_URL: https://ngprtoaoqqrscbjbahpb.supabase.co
Backend running on http://localhost:8000
[32m[nodemon] clean exit - waiting for changes before restart[39m
[32m[nodemon] restarting due to changes...[39m
[32m[nodemon] starting `node server.js`[39m
[dotenv@17.3.1] injecting env (7) from .env -- tip: 🔐 prevent building .env in docker: https://dotenvx.com/prebuild
[dotenv@17.3.1] injecting env (0) from .env -- tip: ⚙️  override existing env vars with { override: true }
[dotenv@17.3.1] injecting env (0) from .env -- tip: 🔐 encrypt with Dotenvx: https://dotenvx.com
🧬 [Biometrics] Target Engine: http://localhost:8003
🚀 [Config] ADMIN_EMAIL: admin@auralock.com
🚀 [Config] ADMIN_PASSWORD: SET
🚀 [Config] JWT_SECRET: SET
🚀 [Config] SUPABASE_URL: https://ngprtoaoqqrscbjbahpb.supabase.co
Backend running on http://localhost:8000
[32m[nodemon] clean exit - waiting for changes before restart[39m
[32m[nodemon] restarting due to changes...[39m
[32m[nodemon] starting `node server.js`[39m
[dotenv@17.3.1] injecting env (7) from .env -- tip: ⚡️ secrets for agents: https://dotenvx.com/as2
[dotenv@17.3.1] injecting env (0) from .env -- tip: 🤖 agentic secret storage: https://dotenvx.com/as2
[dotenv@17.3.1] injecting env (0) from .env -- tip: 🔐 prevent building .env in docker: https://dotenvx.com/prebuild
🧬 [Biometrics] Target Engine: http://localhost:8003
🚀 [Config] ADMIN_EMAIL: admin@auralock.com
🚀 [Config] ADMIN_PASSWORD: SET
🚀 [Config] JWT_SECRET: SET
🚀 [Config] SUPABASE_URL: https://ngprtoaoqqrscbjbahpb.supabase.co
Backend running on http://localhost:8000
[32m[nodemon] clean exit - waiting for changes before restart[39m
[32m[nodemon] restarting due to changes...[39m
[32m[nodemon] starting `node server.js`[39m
[dotenv@17.3.1] injecting env (7) from .env -- tip: 🔐 prevent committing .env to code: https://dotenvx.com/precommit
[dotenv@17.3.1] injecting env (0) from .env -- tip: 🤖 agentic secret storage: https://dotenvx.com/as2
[dotenv@17.3.1] injecting env (0) from .env -- tip: ⚙️  override existing env vars with { override: true }
🧬 [Biometrics] Target Engine: http://localhost:8003
🚀 [Config] ADMIN_EMAIL: admin@auralock.com
🚀 [Config] ADMIN_PASSWORD: SET
🚀 [Config] JWT_SECRET: SET
🚀 [Config] SUPABASE_URL: https://ngprtoaoqqrscbjbahpb.supabase.co
Backend running on http://localhost:8000
[32m[nodemon] clean exit - waiting for changes before restart[39m
[32m[nodemon] restarting due to changes...[39m
[32m[nodemon] starting `node server.js`[39m
[dotenv@17.3.1] injecting env (7) from .env -- tip: 🔐 prevent committing .env to code: https://dotenvx.com/precommit
[dotenv@17.3.1] injecting env (0) from .env -- tip: ⚙️  enable debug logging with { debug: true }
[dotenv@17.3.1] injecting env (0) from .env -- tip: ⚙️  specify custom .env file path with { path: '/custom/path/.env' }
🧬 [Biometrics] Target Engine: http://localhost:8003
🚀 [Config] ADMIN_EMAIL: admin@auralock.com
🚀 [Config] ADMIN_PASSWORD: SET
🚀 [Config] JWT_SECRET: SET
🚀 [Config] SUPABASE_URL: https://ngprtoaoqqrscbjbahpb.supabase.co
Backend running on http://localhost:8000
[32m[nodemon] clean exit - waiting for changes before restart[39m
[32m[nodemon] restarting due to changes...[39m
[32m[nodemon] starting `node server.js`[39m
[dotenv@17.3.1] injecting env (7) from .env -- tip: ⚙️  specify custom .env file path with { path: '/custom/path/.env' }
[dotenv@17.3.1] injecting env (0) from .env -- tip: ⚙️  override existing env vars with { override: true }
[32m[nodemon] restarting due to changes...[39m
[32m[nodemon] starting `node server.js`[39m
[dotenv@17.3.1] injecting env (7) from .env -- tip: ⚙️  specify custom .env file path with { path: '/custom/path/.env' }
[dotenv@17.3.1] injecting env (0) from .env -- tip: 🛡️ auth for agents: https://vestauth.com
[dotenv@17.3.1] injecting env (0) from .env -- tip: 🤖 agentic secret storage: https://dotenvx.com/as2
🧬 [Biometrics] Target Engine: http://localhost:8003
🚀 [Config] ADMIN_EMAIL: admin@auralock.com
🚀 [Config] ADMIN_PASSWORD: SET
🚀 [Config] JWT_SECRET: SET
🚀 [Config] SUPABASE_URL: https://ngprtoaoqqrscbjbahpb.supabase.co
Backend running on http://localhost:8000
[32m[nodemon] clean exit - waiting for changes before restart[39m
[32m[nodemon] restarting due to changes...[39m
[32m[nodemon] starting `node server.js`[39m
[32m[nodemon] restarting due to changes...[39m
[32m[nodemon] restarting due to changes...[39m
[dotenv@17.3.1] injecting env (7) from .env -- tip: ⚡️ secrets for agents: https://dotenvx.com/as2
[32m[nodemon] starting `node server.js`[39m
[dotenv@17.3.1] injecting env (7) from .env -- tip: 🛡️ auth for agents: https://vestauth.com
[dotenv@17.3.1] injecting env (0) from .env -- tip: 🔐 prevent committing .env to code: https://dotenvx.com/precommit
[dotenv@17.3.1] injecting env (0) from .env -- tip: ⚙️  override existing env vars with { override: true }
🧬 [Biometrics] Target Engine: http://localhost:8003
🚀 [Config] ADMIN_EMAIL: admin@auralock.com
🚀 [Config] ADMIN_PASSWORD: SET
🚀 [Config] JWT_SECRET: SET
🚀 [Config] SUPABASE_URL: https://ngprtoaoqqrscbjbahpb.supabase.co
Backend running on http://localhost:8000
[32m[nodemon] clean exit - waiting for changes before restart[39m
[32m[nodemon] restarting due to changes...[39m
[32m[nodemon] starting `node server.js`[39m
[dotenv@17.3.1] injecting env (7) from .env -- tip: ⚡️ secrets for agents: https://dotenvx.com/as2
[dotenv@17.3.1] injecting env (0) from .env -- tip: ⚙️  specify custom .env file path with { path: '/custom/path/.env' }
[32m[nodemon] restarting due to changes...[39m
[32m[nodemon] starting `node server.js`[39m
[dotenv@17.3.1] injecting env (7) from .env -- tip: ⚙️  override existing env vars with { override: true }
[dotenv@17.3.1] injecting env (0) from .env -- tip: 🔐 encrypt with Dotenvx: https://dotenvx.com
[dotenv@17.3.1] injecting env (0) from .env -- tip: 🔐 prevent building .env in docker: https://dotenvx.com/prebuild
🧬 [Biometrics] Target Engine: http://localhost:8003
🚀 [Config] ADMIN_EMAIL: admin@auralock.com
🚀 [Config] ADMIN_PASSWORD: SET
🚀 [Config] JWT_SECRET: SET
🚀 [Config] SUPABASE_URL: https://ngprtoaoqqrscbjbahpb.supabase.co
Backend running on http://localhost:8000
[32m[nodemon] clean exit - waiting for changes before restart[39m
^C^CTerminate batch job (Y/N)? 